// Jest Snapshot v1, https://goo.gl/fbAQLP

exports[`With Snapshot Testing App shows "Hello world!" 1`] = `
<div
  className="jsx-2641140417 jsx-2483672992"
>
  <div
    className="jsx-138150152"
  >
    <div
      className="jsx-138150152 content relative z-1 bg-white"
    >
      <section
        className="jsx-1400534773 bg-dark-gray white relative cover bg-top"
      >
        <div
          className="jsx-1400534773 absolute top-0 bottom-0 left-0 right-0 bg-black-0"
        />
        <div
          className="jsx-1400534773 container relative"
        >
          <nav
            className="jsx-1400534773 cf pt3"
          >
            <div
              className="jsx-1400534773 fl w-70 w-30-ns h-100"
            >
              <a
                className="jsx-1400534773 white b f4 no-underline nav-lh nowrap"
                href="/"
                onClick={[Function]}
              >
                Name
              </a>
            </div>
            <div
              className="jsx-1400534773 fl w-30 w-70-ns tr h-100"
            >
              <div
                className="jsx-1400534773 dn dib-l h-100"
              >
                <span
                  className="dib b--transparent br-pill ba pv2 ph3 bw1 white no-underline hover-b--white"
                >
                  Home
                </span>
                <span
                  className="dib b--transparent br-pill ba pv2 ph3 bw1 white no-underline hover-b--white"
                >
                  Polls
                </span>
                <span
                  className="dib b--transparent br-pill ba pv2 ph3 bw1 white no-underline hover-b--white"
                >
                  Blog
                </span>
                <span
                  className="dib b--transparent br-pill ba pv2 ph3 bw1 white no-underline hover-b--white"
                >
                  Press
                </span>
                <span
                  className="dib b--transparent br-pill ba pv2 ph3 bw1 white no-underline hover-b--white"
                >
                  FAQ
                </span>
                <div
                  className="jsx-2764847527 dib"
                >
                  <a
                    className="jsx-2764847527 outline-0"
                    href="javascript:void(0)"
                    onClick={[Function]}
                  >
                    <span
                      className="dib b--transparent br-pill ba pv2 ph3 bw1 white no-underline hover-b--white bg-primary"
                    >
                      Contact
                    </span>
                  </a>
                </div>
              </div>
              <div
                className="jsx-1400534773 dn-l h-100 relative"
              >
                <a
                  className="jsx-1400534773 white dib v-center absolute right-0"
                  href="javascript:void(0)"
                  onClick={[Function]}
                >
                  <svg
                    fill="currentColor"
                    height={34}
                    preserveAspectRatio="xMidYMid meet"
                    style={
                      Object {
                        "color": undefined,
                        "verticalAlign": "middle",
                      }
                    }
                    viewBox="0 0 40 40"
                    width={34}
                  >
                    <g>
                      <path
                        d="m7.5 21.3v-2.5h25v2.5h-25z m0-7.5v-2.5h25v2.5h-25z m0 15v-2.5h25v2.5h-25z"
                      />
                    </g>
                  </svg>
                </a>
              </div>
            </div>
          </nav>
          <div
            className="jsx-1400534773 tc pv5"
          >
            <div
              className="jsx-1400534773 f2 f1-ns f-title"
            >
              Have a question? Let me help.
            </div>
            <div
              className="jsx-1400534773 mv3"
            >
              Type your question below to get an immediate response from my team office.
            </div>
            <input
              className="jsx-1400534773 br-pill pv2 ph3 f4 db w-100 center"
              placeholder="Can you please expedite my passport..."
              type="text"
            />
          </div>
          <div
            className="jsx-1400534773 pb5"
          >
            <div
              className="jsx-1400534773 tc b mb3"
            >
              Quick Links
            </div>
            <div
              className="jsx-1400534773 cf"
            >
              <a
                className="jsx-2369461484 fl w-100 w-50-m w-25-l white tc b no-underline ba bg-black-40 b--white-10 relative hover-bg-primary bg-animate"
                href="javascript:void(0)"
              >
                <div
                  className="jsx-2369461484 v-center absolute left-0 right-0"
                >
                  <div
                    className="jsx-2369461484 mb1"
                  >
                    <svg
                      fill="currentColor"
                      height={50}
                      preserveAspectRatio="xMidYMid meet"
                      style={
                        Object {
                          "color": undefined,
                          "verticalAlign": "middle",
                        }
                      }
                      viewBox="0 0 40 40"
                      width={50}
                    >
                      <g>
                        <path
                          d="m8.8 5h26.2v27.6c0 1.3-1.1 2.4-2.4 2.4h-25.2c-1.3 0-2.4-1.1-2.4-2.4v-23.8h2.5v1.2h-1.2v22.6c0 0.6 0.5 1.2 1.1 1.2h25.2c0.6 0 1.1-0.6 1.1-1.2v-26.3h-23.7v25h-1.2v-26.3z m3.7 5v-1.2h10v1.2h-10z m0 6.3v-1.3h18.8v1.3h-18.8z m0 6.2v-1.2h15v1.2h-15z m0 6.3v-1.3h18.8v1.3h-18.8z"
                        />
                      </g>
                    </svg>
                  </div>
                  <div
                    className="jsx-2369461484"
                  >
                    Policy Question
                  </div>
                </div>
              </a>
              <a
                className="jsx-2369461484 fl w-100 w-50-m w-25-l white tc b no-underline ba bg-black-40 b--white-10 relative hover-bg-primary bg-animate"
                href="javascript:void(0)"
              >
                <div
                  className="jsx-2369461484 v-center absolute left-0 right-0"
                >
                  <div
                    className="jsx-2369461484 mb1"
                  >
                    <svg
                      fill="currentColor"
                      height={50}
                      preserveAspectRatio="xMidYMid meet"
                      style={
                        Object {
                          "color": undefined,
                          "verticalAlign": "middle",
                        }
                      }
                      viewBox="0 0 40 40"
                      width={50}
                    >
                      <g>
                        <path
                          d="m27.3 2.5l6.2 7.5-5 10.5c-1.9-2.4-4.6-3.9-7.7-4.2z m-15 0l6.4 13.8c-3.1 0.3-5.8 1.8-7.7 4.2l-5-10.5z m8.5 0h5.2l-4.1 8.8h-4.3l-4.1-8.8h7.3z m-1 15c5.5 0 10 4.5 10 10s-4.5 10-10 10-10-4.5-10-10 4.4-10 10-10z m0 17.5c4.1 0 7.5-3.4 7.5-7.5s-3.4-7.5-7.5-7.5-7.5 3.4-7.5 7.5 3.3 7.5 7.5 7.5z m0-14.4c3.8 0 6.8 3.1 6.8 6.9s-3 6.9-6.8 6.9-6.9-3.1-6.9-6.9 3-6.9 6.9-6.9z"
                        />
                      </g>
                    </svg>
                  </div>
                  <div
                    className="jsx-2369461484"
                  >
                    Veterans Services
                  </div>
                </div>
              </a>
              <a
                className="jsx-2369461484 fl w-100 w-50-m w-25-l white tc b no-underline ba bg-black-40 b--white-10 relative hover-bg-primary bg-animate"
                href="javascript:void(0)"
              >
                <div
                  className="jsx-2369461484 v-center absolute left-0 right-0"
                >
                  <div
                    className="jsx-2369461484 mb1"
                  >
                    <svg
                      fill="currentColor"
                      height={50}
                      preserveAspectRatio="xMidYMid meet"
                      style={
                        Object {
                          "color": undefined,
                          "verticalAlign": "middle",
                        }
                      }
                      viewBox="0 0 40 40"
                      width={50}
                    >
                      <g>
                        <path
                          d="m33.6 5c1.5 0 2.6 1 2.6 2.5v22.3c0 1.5-1.1 2.7-2.6 2.7h-11.2s-1.9 0.3-1.9 1.5v1h-1.3v-1c0-1.2-0.9-1.5-1.9-1.5h-11.2c-1.5 0-2.6-1.2-2.6-2.7v-22.3c0-1.5 1.1-2.5 2.6-2.5h11.7c0.8 0 1.6 0.4 2 0.9 0.5-0.5 1.3-0.9 2.1-0.9h11.7z m-14.4 27.1v-24.1c0-0.7-0.9-1.8-1.9-1.8h-11.2c-0.7 0-1.3 0.6-1.3 1.3v22.3c0 0.7 0.6 1.4 1.3 1.4h11.2c0.8 0 1.5 0.3 1.9 0.9z m5.6-25.8v7.8l1.8-1.1 0.7-0.5 0.7 0.5 1.8 1.1v-7.8h-5z m10 23.5v-22.3c0-0.7-0.5-1.2-1.2-1.2h-2.5v10.2l-3.8-2.5-3.7 2.5v-10.2h-1.2c-1 0-1.9 1-1.9 1.7v24.1c0.3-0.7 1-0.8 1.8-0.8h11.3c0.7 0 1.2-0.8 1.2-1.5z"
                        />
                      </g>
                    </svg>
                  </div>
                  <div
                    className="jsx-2369461484"
                  >
                    Expedite a Passport
                  </div>
                </div>
              </a>
              <a
                className="jsx-2369461484 fl w-100 w-50-m w-25-l white tc b no-underline ba bg-black-40 b--white-10 relative hover-bg-primary bg-animate"
                href="javascript:void(0)"
              >
                <div
                  className="jsx-2369461484 v-center absolute left-0 right-0"
                >
                  <div
                    className="jsx-2369461484 mb1"
                  >
                    <svg
                      fill="currentColor"
                      height={50}
                      preserveAspectRatio="xMidYMid meet"
                      style={
                        Object {
                          "color": undefined,
                          "verticalAlign": "middle",
                        }
                      }
                      viewBox="0 0 40 40"
                      width={50}
                    >
                      <g>
                        <path
                          d="m8.8 10c-1.5 0-2.5-1.1-2.5-2.5v-2.5c0-1.4 1-2.5 2.5-2.5s2.5 1.1 2.5 2.5v2.5c0 1.4-1.1 2.5-2.5 2.5z m17.5 0c-1.5 0-2.5-1.1-2.5-2.5v-2.5c0-1.4 1-2.5 2.5-2.5s2.5 1.1 2.5 2.5v2.5c0 1.4-1.1 2.5-2.5 2.5z m8.1-5c0.3 0 0.6 0.3 0.6 0.6v31.3c0 0.3-0.3 0.6-0.6 0.6h-33.8c-0.3 0-0.6-0.3-0.6-0.6v-31.3c0-0.3 0.3-0.6 0.6-0.6h4.4v3.2c0 1.7 1.9 3.1 3.8 3.1s3.7-1.4 3.7-3.1v-3.2h10v3.2c0 1.7 2 3.1 3.8 3.1s3.7-1.4 3.7-3.1v-3.2h4.4z m-3.1 28.8v-20h-27.5v20h27.5z"
                        />
                      </g>
                    </svg>
                  </div>
                  <div
                    className="jsx-2369461484"
                  >
                    Schedule a Visit
                  </div>
                </div>
              </a>
              <a
                className="jsx-2369461484 fl w-100 w-50-m w-25-l white tc b no-underline ba bg-black-40 b--white-10 relative hover-bg-primary bg-animate"
                href="javascript:void(0)"
              >
                <div
                  className="jsx-2369461484 v-center absolute left-0 right-0"
                >
                  <div
                    className="jsx-2369461484 mb1"
                  >
                    <svg
                      fill="currentColor"
                      height={50}
                      preserveAspectRatio="xMidYMid meet"
                      style={
                        Object {
                          "color": undefined,
                          "verticalAlign": "middle",
                        }
                      }
                      viewBox="0 0 40 40"
                      width={50}
                    >
                      <g>
                        <path
                          d="m15.8 15.8z m12.6 12.6c1 0.4 4.1 1.6 4.1 4.1h-25c0-2.5 3.1-3.7 4.1-4.1s2.5-0.4 3.4-0.7c0.5-0.1 1.3-0.4 1.6-0.7s0-3.2 0-3.2-0.4-0.8-0.7-1.4-0.5-2.5-0.5-2.5-0.6 0-0.7-0.9c-0.2-1-0.5-1.3-0.5-2.1 0-0.7 0.4-0.8 0.4-0.8s-0.3-1-0.4-3.3c-0.1-2.6 2-5.3 5.8-5.3s5.9 2.7 5.8 5.3c-0.1 2.3-0.4 3.3-0.4 3.3s0.4 0.1 0.4 0.8c0 0.8-0.3 1.1-0.5 2.2-0.1 0.9-0.7 0.9-0.7 0.9s-0.3 1.8-0.5 2.4-0.7 1.4-0.7 1.4-0.2 2.9 0 3.2 1.1 0.6 1.6 0.7c0.9 0.3 2.3 0.3 3.4 0.7z m-8.4 2.9h10.7c-0.2-0.3-0.3-0.5-0.6-0.7-0.6-0.4-1.3-0.7-2.1-1-0.6-0.1-1.4-0.3-2.1-0.4-0.4-0.1-0.7-0.1-1.1-0.2-0.3-0.1-1.7-0.4-2.3-1.2-0.3-0.4-0.5-0.9-0.5-2.5 0-0.8 0.1-1.6 0.1-1.6v-0.3l0.2-0.3c0-0.1 0.4-0.7 0.6-1.2 0.1-0.3 0.4-1.4 0.5-2.1 0 0 0 0 0-0.4s0.7-0.3 0.7-0.6 0.3-0.5 0.4-1.4-0.4-0.9-0.4-1.3c0-0.3 0.1-0.4 0.1-0.4 0-0.1 0.3-1.1 0.3-3 0-1-0.4-2-1.1-2.7-0.8-0.9-1.9-1.3-3.4-1.3-1.4 0-2.7 0.4-3.5 1.3-0.7 0.7-1 1.7-1 2.7 0 1.9 0.3 2.9 0.3 3s0.1 0.2 0 0.5c-0.1 0.4-0.5 0.4-0.3 1.2s0.3 1.1 0.4 1.4 0.6 0.3 0.7 0.6 0 0.4 0 0.4c0.1 0.7 0.4 1.8 0.5 2.1 0.2 0.5 0.5 1.1 0.6 1.2l0.2 0.3v0.3s0.1 0.8 0.1 1.6c0 1.6-0.2 2.1-0.5 2.5-0.6 0.8-2 1.1-2.3 1.2-0.4 0.1-0.7 0.1-1.2 0.2-0.7 0.1-1.4 0.3-2 0.4-0.8 0.3-1.5 0.6-2.1 1-0.3 0.2-0.5 0.4-0.6 0.6h10.7z"
                        />
                      </g>
                    </svg>
                  </div>
                  <div
                    className="jsx-2369461484"
                  >
                    Become a Volunteer
                  </div>
                </div>
              </a>
              <a
                className="jsx-2369461484 fl w-100 w-50-m w-25-l white tc b no-underline ba bg-black-40 b--white-10 relative hover-bg-primary bg-animate"
                href="javascript:void(0)"
              >
                <div
                  className="jsx-2369461484 v-center absolute left-0 right-0"
                >
                  <div
                    className="jsx-2369461484 mb1"
                  >
                    <svg
                      fill="currentColor"
                      height={50}
                      preserveAspectRatio="xMidYMid meet"
                      style={
                        Object {
                          "color": undefined,
                          "verticalAlign": "middle",
                        }
                      }
                      viewBox="0 0 40 40"
                      width={50}
                    >
                      <g>
                        <path
                          d="m17.5 8.8z m7.3 17.4c0.8 0.3-0.9-0.3 0 0 2.2 0.8 3.6 2.7 3.6 5.1h-21.8c0-1.8 0.7-3.3 2.2-4.3 1.1-0.9 2.4-1 3.8-1.3 0.5-0.1 1.9-0.4 2-1s0.1-1.2 0.1-1.8c0-0.2 0-0.2-0.2-0.4-0.3-0.3-0.4-0.7-0.6-1.1-0.1-0.6-0.2-1.2-0.3-1.9-0.7 0.2-0.8-1.2-0.9-1.6-0.1-0.3-0.6-1.9 0.2-1.7-0.2-0.3-0.3-1-0.4-1.4-0.2-1.1-0.2-2.1 0.2-3.1 0.8-2 2.9-3 5-3 2.1 0.1 4 1.3 4.6 3.3 0.4 1 0.3 2.1 0.1 3.1-0.1 0.4-0.1 0.8-0.3 1.1 0.8-0.2 0.3 1.6 0.2 1.8-0.1 0.4-0.2 1.7-0.9 1.5-0.1 0.8-0.2 1.7-0.5 2.4-0.1 0.2-0.6 0.7-0.6 0.8v0.9c0 0.4 0 0.8 0.2 1.2s0.7 0.5 1.1 0.6c1.1 0.4 2.1 0.4 3.2 0.8z m-15.8 2.2c-0.5 0.5 0.7-0.7 0 0-0.5 0.5-0.8 1-1 1.6h19c-0.4-1.2-1.4-2.1-2.4-2.6s-2.2-0.3-3.2-0.7-1.9-0.7-2.2-1.9c-0.1-0.9-0.1-1.8-0.1-2.6 0-0.2 0.5-0.6 0.6-0.7 0.2-0.4 0.3-0.9 0.4-1.3 0.1-0.4 0-1 0.3-1.2 0.4-0.3 0.5-0.6 0.7-1 0.2-0.7 0.2-1-0.1-1.5-0.2-0.4 0-0.6 0.1-1 0.2-0.9 0.3-1.9 0.2-2.8-0.7-2.9-4.9-3.6-6.8-1.5-0.9 1-0.9 2.4-0.7 3.6 0.1 0.5 0.5 1.1 0.3 1.5-0.1 0.3-0.4 0.5-0.4 0.8 0.2 0.4 0.2 0.9 0.4 1.3 0.1 0.3 0.3 0.4 0.5 0.6s0.2 0.5 0.2 0.7c0.1 0.5 0.2 1.3 0.5 1.8 0.2 0.3 0.6 0.5 0.6 0.8v1.7c0 0.6-0.1 1.4-0.6 1.9-0.5 0.4-1.4 0.7-2.1 0.9-0.9 0.2-1.8 0.2-2.6 0.5-0.6 0.3-1.1 0.7-1.6 1.1z m-0.2-3.2c-1.2 0.5 0.7-0.4 0 0-0.8 0.3-1.5 0.8-2 1.4-0.1 0.2-0.5 0.9-0.5 0.9h-6.3c0-1.6 1-2.7 2.4-3.1 0.5-0.2 2.1-0.3 2.4-0.9 0.1-0.4 0-0.8 0-1.2-0.8 0-1.9-0.1-2.5-0.6-0.2-0.1 0.2-0.7 0.3-0.9l0.2-1c0.1-0.7 0.1-1.4 0.1-2.1 0-1.3-0.1-2.7 0.6-3.8 0.6-1 1.8-1.4 3-1.4 1.9 0 3.3 1 3.7 2.9 0.2 1.2 0 2.5 0.1 3.7 0 0.7 0.2 1.3 0.4 1.9 0.1 0.2 0.4 0.6 0.2 0.7l-0.4 0.3c-0.4 0.1-0.9 0.2-1.4 0.3 0 0-0.6 0-0.7 0s0 0.7 0 0.9c0 0.3 0.1 0.5 0.4 0.5 0.5 0.2 1.5 0.3 1.8 0.7 0.2 0.2 0.1 0.4-0.1 0.4-0.7 0-1.2 0-1.7 0.4z m-3.3 1.1c0.5-0.8 1.3-1.5 2.1-1.9-0.7-0.7-0.4-2.1-0.3-2.9 0-0.2 0-0.4 0.1-0.4h0.6c0.5 0 0.9-0.1 1.4-0.2-0.6-1.8 0-3.6-0.4-5.4-0.3-1.3-1.2-1.8-2.4-1.8-1.4 0-2.1 0.7-2.4 1.9-0.3 1.7 0.3 3.6-0.3 5.3 0.7 0.1 1.3 0.2 2 0.2 0.1 0 0.1 2.2 0.1 2.3-0.1 0.9-0.6 1.4-1.5 1.7-0.9 0.3-2.2 0.2-2.8 1.2h3.8z m23.3 1.2c-0.2-0.6-0.8-1.1-1.3-1.5-0.6-0.5-1.4-1-2.2-1.2-0.2 0-1.2 0.1-1-0.3 0.2-0.4 0.7-0.4 1-0.5s1.2-0.2 1.3-0.6c0 0 0-1.1 0-1.1-0.5 0-1 0-1.4-0.1-0.4-0.1-0.6-0.2-0.9-0.3-0.5-0.3-0.2-0.5 0-0.9 1.1-2.5-0.8-6.9 2.5-8.2 1.2-0.5 2.7-0.4 3.7 0.2 1.2 0.7 1.6 2.2 1.6 3.5 0 1.5-0.3 3.4 0.6 4.8 0.1 0.3 0.3 0.3 0 0.5-0.2 0.1-0.4 0.1-0.5 0.2l-1 0.2s-0.7 0.1-1 0.1c0 0.3-0.1 1 0.1 1.3 0.5 0.5 1.7 0.5 2.3 0.8 1.4 0.4 2.4 1.5 2.4 3.1h-6.2z m-0.1-2.1c0.3 0.3-0.4-0.4 0 0s0.6 0.9 1.1 0.9h3.5c-0.6-1-2-0.9-3-1.3-0.8-0.3-1.2-0.9-1.3-1.9 0-0.1-0.1-2.1 0.1-2.1 0.7 0 1.4 0 2-0.1-0.6-1.8 0.1-3.6-0.3-5.4-0.3-1.2-1.2-1.8-2.4-1.8-1.3 0-2.1 0.6-2.4 1.9-0.3 1.8 0.2 3.6-0.4 5.3 0.5 0.2 1 0.2 1.4 0.2s0.7-0.1 0.7 0.4c0.1 0.8 0.4 2.2-0.3 2.9 0.5 0.3 0.9 0.6 1.3 1z"
                        />
                      </g>
                    </svg>
                  </div>
                  <div
                    className="jsx-2369461484"
                  >
                    Meet the Team
                  </div>
                </div>
              </a>
              <a
                className="jsx-2369461484 fl w-100 w-50-m w-25-l white tc b no-underline ba bg-black-40 b--white-10 relative hover-bg-primary bg-animate"
                href="javascript:void(0)"
              >
                <div
                  className="jsx-2369461484 v-center absolute left-0 right-0"
                >
                  <div
                    className="jsx-2369461484 mb1"
                  >
                    <svg
                      fill="currentColor"
                      height={50}
                      preserveAspectRatio="xMidYMid meet"
                      style={
                        Object {
                          "color": undefined,
                          "verticalAlign": "middle",
                        }
                      }
                      viewBox="0 0 40 40"
                      width={50}
                    >
                      <g>
                        <path
                          d="m33.6 9c1.1 1.1 1.5 2.4 1.4 3.4s-0.5 3.1-2.5 5.1-6 3.3-8.8 1.9c-0.4-0.3-1-0.4-1.7 0.2-0.7 0.7-15.7 16.8-15.7 16.8-1.4 1.5-3.8 1.4-5.2 0s-1.5-3.8 0-5.2c0 0 16.2-15.1 16.8-15.7s0.4-1.3 0.2-1.8c-1.5-3.6 0.2-6.9 1.9-8.7 1.7-1.9 4-2.4 5.1-2.5 1-0.1 2.4 0.4 3.4 1.4l-4.4 4.4 0.7 4.4 4.3 0.7z m-29 25.6c0.5-0.5 0.5-1.3 0-1.8s-1.2-0.5-1.7 0-0.5 1.3 0 1.8 1.2 0.5 1.7 0z"
                        />
                      </g>
                    </svg>
                  </div>
                  <div
                    className="jsx-2369461484"
                  >
                    Service Request
                  </div>
                </div>
              </a>
              <a
                className="jsx-2369461484 fl w-100 w-50-m w-25-l white tc b no-underline ba bg-black-40 b--white-10 relative hover-bg-primary bg-animate"
                href="javascript:void(0)"
              >
                <div
                  className="jsx-2369461484 v-center absolute left-0 right-0"
                >
                  <div
                    className="jsx-2369461484 mb1"
                  >
                    <svg
                      fill="currentColor"
                      height={50}
                      preserveAspectRatio="xMidYMid meet"
                      style={
                        Object {
                          "color": undefined,
                          "verticalAlign": "middle",
                        }
                      }
                      viewBox="0 0 40 40"
                      width={50}
                    >
                      <g>
                        <path
                          d="m5 10h30v20h-30v-20z m15 10.9l12.7-9.6h-25.4z m-13.7 7.9h27.5v-16.8l-9 6.9 5.3 6-0.2 0.2-6.2-5.5-3.7 2.9-3.7-2.9-6.2 5.5-0.2-0.2 5.3-6-8.9-6.9v16.8z"
                        />
                      </g>
                    </svg>
                  </div>
                  <div
                    className="jsx-2369461484"
                  >
                    Contact Me
                  </div>
                </div>
              </a>
            </div>
          </div>
        </div>
      </section>
      <div
        className="jsx-1165194282 bb b--moon-gray pv3"
      >
        <div
          className="jsx-1165194282 container"
        >
          <div
            className="jsx-1165194282 mw center"
          >
            <div
              className="jsx-1165194282 cf"
            >
              <div
                className="jsx-1165194282 fl w-100 w-60-ns mb3 mb0-ns"
              >
                <div
                  className="jsx-1165194282 b mb1 f4"
                >
                  Sign Up For My Newsletter
                </div>
                <div
                  className="jsx-1165194282 gray"
                >
                  Get updates about big developments from my office
                </div>
              </div>
              <div
                className="jsx-1165194282 fl w-100 w-40-ns"
              >
                <input
                  className="jsx-1165194282 br-pill pv2 ph3 f5 w-100 db center"
                  placeholder="Your email address here..."
                  type="text"
                />
              </div>
            </div>
          </div>
        </div>
      </div>
      <main
        className="jsx-2641140417 jsx-2483672992"
      >
        <div
          className="container"
        >
          <div>
            <div
              className="f3 b mv3"
              dangerouslySetInnerHTML={
                Object {
                  "__html": "Articles",
                }
              }
            />
            <div
              className="cf"
            />
          </div>
          <div>
            <div
              className="f3 b mv3"
              dangerouslySetInnerHTML={
                Object {
                  "__html": "Questions",
                }
              }
            />
            <div
              className="cf"
            />
          </div>
          <div>
            <div
              className="f3 b mv3"
              dangerouslySetInnerHTML={
                Object {
                  "__html": "Pages",
                }
              }
            />
            <div
              className="cf"
            />
          </div>
        </div>
      </main>
      <footer
        className="bg-dark-gray white"
      >
        <div
          className="container"
        />
        <hr
          className="mv4"
        />
        <div
          className="container pb4"
        >
          <div
            className="mb3"
          >
            <form
              action="/search"
              method="GET"
            >
              <input
                name="q"
                placeholder="Search"
                type="text"
              />
            </form>
          </div>
          <div>
            footer
          </div>
        </div>
      </footer>
    </div>
    <div
      className="jsx-138150152 fixed top-0 right-0 bottom-0 bg-black white menu"
      style={
        Object {
          "display": "none",
        }
      }
    >
      <div
        className="jsx-138150152 ma3"
      >
        <div
          className="jsx-138150152 cf mb3"
        >
          <a
            className="jsx-138150152 white db fl w-20"
            href="javascript:void(0)"
            onClick={[Function]}
          >
            <svg
              fill="currentColor"
              height={40}
              preserveAspectRatio="xMidYMid meet"
              style={
                Object {
                  "color": undefined,
                  "verticalAlign": "middle",
                }
              }
              viewBox="0 0 40 40"
              width={40}
            >
              <g>
                <path
                  d="m31.2 8.5c6.4 6.3 6.4 16.7 0 23s-16.6 6.3-22.9 0-6.4-16.7 0-23 16.6-6.3 22.9 0z m-3.9 18.1l-6.6-6.6 6.6-6.6-1-0.9-6.6 6.6-6.5-6.6-1 0.9 6.6 6.6-6.5 6.6 0.9 0.9 6.6-6.6 6.5 6.6z"
                />
              </g>
            </svg>
          </a>
          <div
            className="jsx-138150152 fl w-80"
          />
        </div>
        <div
          className="jsx-138150152"
        >
          this is the menu
        </div>
      </div>
    </div>
  </div>
</div>
`;
